mode: set
cod3r/tests/math/matem.go:8.37,10.27 2 1
cod3r/tests/math/matem.go:13.2,14.14 2 1
cod3r/tests/math/matem.go:10.27,12.3 1 1
